Java HotSpot(TM) 64-Bit Server VM (25.40-b25) for bsd-amd64 JRE (1.8.0_40-b27), built on Mar 13 2015 04:46:52 by "java_re" with gcc 4.2.1 (Based on Apple Inc. build 5658) (LLVM build 2336.11.00)
Memory: 4k page, physical 8388608k(846432k free)

/proc/meminfo:

CommandLine flags: -XX:InitialHeapSize=134217728 -XX:MaxHeapSize=2147483648 -XX:+PrintGC -XX:+PrintGCTimeStamps -XX:+PrintHeapAtGC -XX:+UseCompressedClassPointers -XX:+UseCompressedOops -XX:+UseParallelGC 
{Heap before GC invocations=1 (full 0):
 PSYoungGen      total 38400K, used 3344K [0x0000000795580000, 0x0000000798000000, 0x00000007c0000000)
  eden space 33280K, 10% used [0x0000000795580000,0x00000007958c40e0,0x0000000797600000)
  from space 5120K, 0% used [0x0000000797b00000,0x0000000797b00000,0x0000000798000000)
  to   space 5120K, 0% used [0x0000000797600000,0x0000000797600000,0x0000000797b00000)
 ParOldGen       total 498176K, used 409600K [0x0000000740000000, 0x000000075e680000, 0x0000000795580000)
  object space 498176K, 82% used [0x0000000740000000,0x0000000759000020,0x000000075e680000)
 Metaspace       used 3117K, capacity 4496K, committed 4864K, reserved 1056768K
  class space    used 343K, capacity 388K, committed 512K, reserved 1048576K
0.632: [GC (System.gc())  412944K->410248K(536576K), 0.0044931 secs]
Heap after GC invocations=1 (full 0):
 PSYoungGen      total 38400K, used 640K [0x0000000795580000, 0x0000000798000000, 0x00000007c0000000)
  eden space 33280K, 0% used [0x0000000795580000,0x0000000795580000,0x0000000797600000)
  from space 5120K, 12% used [0x0000000797600000,0x00000007976a0000,0x0000000797b00000)
  to   space 5120K, 0% used [0x0000000797b00000,0x0000000797b00000,0x0000000798000000)
 ParOldGen       total 498176K, used 409608K [0x0000000740000000, 0x000000075e680000, 0x0000000795580000)
  object space 498176K, 82% used [0x0000000740000000,0x0000000759002020,0x000000075e680000)
 Metaspace       used 3117K, capacity 4496K, committed 4864K, reserved 1056768K
  class space    used 343K, capacity 388K, committed 512K, reserved 1048576K
}
{Heap before GC invocations=2 (full 1):
 PSYoungGen      total 38400K, used 640K [0x0000000795580000, 0x0000000798000000, 0x00000007c0000000)
  eden space 33280K, 0% used [0x0000000795580000,0x0000000795580000,0x0000000797600000)
  from space 5120K, 12% used [0x0000000797600000,0x00000007976a0000,0x0000000797b00000)
  to   space 5120K, 0% used [0x0000000797b00000,0x0000000797b00000,0x0000000798000000)
 ParOldGen       total 498176K, used 409608K [0x0000000740000000, 0x000000075e680000, 0x0000000795580000)
  object space 498176K, 82% used [0x0000000740000000,0x0000000759002020,0x000000075e680000)
 Metaspace       used 3117K, capacity 4496K, committed 4864K, reserved 1056768K
  class space    used 343K, capacity 388K, committed 512K, reserved 1048576K
0.636: [Full GC (System.gc())  410248K->570K(536576K), 0.0147341 secs]
Heap after GC invocations=2 (full 1):
 PSYoungGen      total 38400K, used 0K [0x0000000795580000, 0x0000000798000000, 0x00000007c0000000)
  eden space 33280K, 0% used [0x0000000795580000,0x0000000795580000,0x0000000797600000)
  from space 5120K, 0% used [0x0000000797600000,0x0000000797600000,0x0000000797b00000)
  to   space 5120K, 0% used [0x0000000797b00000,0x0000000797b00000,0x0000000798000000)
 ParOldGen       total 498176K, used 570K [0x0000000740000000, 0x000000075e680000, 0x0000000795580000)
  object space 498176K, 0% used [0x0000000740000000,0x000000074008eb60,0x000000075e680000)
 Metaspace       used 3117K, capacity 4496K, committed 4864K, reserved 1056768K
  class space    used 343K, capacity 388K, committed 512K, reserved 1048576K
}
